// Jest Snapshot v1, https://goo.gl/fbAQLP

exports[`Renders consistent tree 1`] = `
<div
  className=""
>
  <span
    className="icon"
    onClick={[Function]}
  >
    <span>
       ‚òê
    </span>
  </span>
   
</div>
`;
